// Jest Snapshot v1, https://goo.gl/fbAQLP

exports[`User Entity can be created 1`] = `
User {
  "_id": undefined,
  "email": "test-email",
  "eventSub": [],
  "followeds": [],
  "followers": [],
  "name": "test-name",
  "password": "test-password",
  "phoneNumber": "test-phone",
  "profilePicture": "test-profilePicture",
  "report": 0,
  "reviews": [],
  "username": "test-username",
  "usertype": "test-type",
}
`;
