// Jest Snapshot v1, https://goo.gl/fbAQLP

exports[`User Routes The requests that require authorization GET /users if we are logged in it returns the list of users 1`] = `
{
  "users": [
    {
      "__v": 0,
      "_id": "6423238ca7815e968964258d",
      "email": "email@example.com",
      "password": "$2b$10$N0.12QGw.3OYs.gV.H3AzOEtASrdB8zD.aXmxiuQbpJWF8quBLMWC",
      "username": "test-user",
    },
  ],
}
`;
