// Jest Snapshot v1, https://goo.gl/fbAQLP

exports[`User Routes The requests that require authorization GET /users if we are logged in it returns the list of users 1`] = `
{
  "users": [
    {
      "__v": 0,
      "_id": "642322b17d8a64f0ee9a4a00",
      "email": "email@example.com",
      "password": "$2b$10$UgXXHWiSvNn1EkP7GSQwSutentLM3tmIf2SW89QZH36VAyJttYW2K",
      "username": "test-user",
    },
  ],
}
`;
